<html>
<body>
<pre>
<h1>礦ision Build Log</h1>
<h2>Tool Versions:</h2>
IDE-Version: μVision V5.14.0.0
Copyright (C) 2015 ARM Ltd and ARM Germany GmbH. All rights reserved.
License Information: aaa 1805182585@qq.com, aa, LIC=S5IDY-IHQYK-C0EN2-91LV2-3CTLL-WCJC5
 
Tool Versions:
Toolchain:       MDK-ARM Professional  Version: 5.14.0.0
Toolchain Path:  D:\APP\Keil5\ARM\ARMCC\Bin
C Compiler:      Armcc.exe V5.05 update 1 (build 106)
Assembler:       Armasm.exe V5.05 update 1 (build 106)
Linker/Locator:  ArmLink.exe V5.05 update 1 (build 106)
Library Manager: ArmAr.exe V5.05 update 1 (build 106)
Hex Converter:   FromElf.exe V5.05 update 1 (build 106)
CPU DLL:         SARMCM3.DLL V5.14.0.0
Dialog DLL:      DCM.DLL V1.13.1.0
Target DLL:      CMSIS_AGDI.dll V1.21.0.0
Dialog DLL:      TCM.DLL V1.14.4.0
 
<h2>Project:</h2>
C:\Users\18051\Desktop\Daily\科创计划\matlab\串口通信\1级终版\2Hz（0.5）\Template.uvprojx
Project File Date:  03/24/2017

<h2>Output:</h2>
Rebuild target 'Target 1'
compiling main.c...
User\main.c(13): warning:  #177-D: variable "times" was declared but never referenced
          u32 times;
User\main.c(14): warning:  #177-D: variable "ii" was declared but never referenced
          double ii;
User\main.c(15): warning:  #177-D: variable "buff" was declared but never referenced
      char buff[24];
User\main.c(16): warning:  #177-D: variable "num" was declared but never referenced
          u8 num=0;
User\main.c(18): warning:  #177-D: variable "temp" was declared but never referenced
          float temp[]={0};
User\main.c(37): warning:  #1-D: last line of file ends without a newline
        
User\main.c: 6 warnings, 0 errors
compiling stm32f10x_it.c...
assembling startup_stm32f10x_hd.s...
compiling stm32f10x_gpio.c...
compiling stm32f10x_rcc.c...
compiling misc.c...
compiling stm32f10x_exti.c...
compiling stm32f10x_tim.c...
compiling stm32f10x_usart.c...
compiling stm32f10x_iwdg.c...
compiling stm32f10x_wwdg.c...
compiling stm32f10x_bkp.c...
compiling stm32f10x_pwr.c...
compiling stm32f10x_adc.c...
compiling stm32f10x_dac.c...
compiling stm32f10x_dma.c...
compiling stm32f10x_rtc.c...
compiling system_stm32f10x.c...
compiling core_cm3.c...
compiling led.c...
compiling ds18b20.c...
APP\ds18b20\ds18b20.c(303): warning:  #1-D: last line of file ends without a newline
  }  
APP\ds18b20\ds18b20.c: 1 warning, 0 errors
compiling system.c...
compiling SysTick.c...
compiling usart.c...
linking...
Program Size: Code=6024 RO-data=336 RW-data=28 ZI-data=1028  
FromELF: creating hex file...
".\Obj\Template.axf" - 0 Error(s), 7 Warning(s).

<h2>Collection of Component include folders:</h2>
  C:\Users\18051\Desktop\Daily\科创计划\matlab\串口通信\1级终版\2Hz（0.5）\RTE
  D:\APP\Keil5\ARM\PACK\Keil\STM32F1xx_DFP\1.0.5\Device\Include

<h2>Collection of Component Files used:</h2>
</pre>
</body>
</html>
